2025-04-30 03:13:19.134668: W external/xla/xla/service/gpu/nvptx_compiler.cc:760] The NVIDIA driver's CUDA version is 12.7 which is older than the ptxas CUDA version (12.8.93). Because the driver is older than the ptxas version, XLA is disabling parallel compilation, which may slow down compilation. You should update your NVIDIA driver or use the NVIDIA-provided CUDA forward compatibility packages.
'+ptx88' is not a recognized feature for this target (ignoring feature)
'+ptx88' is not a recognized feature for this target (ignoring feature)
'+ptx88' is not a recognized feature for this target (ignoring feature)
/nethome/tchen667/anaconda3/envs/diffusion_policy/lib/python3.10/site-packages/gymnasium/envs/registration.py:517: DeprecationWarning: [33mWARN: The environment Ant-v4 is out of date. You should consider upgrading to version `v5`.[0m
  logger.deprecation(
'+ptx88' is not a recognized feature for this target (ignoring feature)
'+ptx88' is not a recognized feature for this target (ignoring feature)
'+ptx88' is not a recognized feature for this target (ignoring feature)
'+ptx88' is not a recognized feature for this target (ignoring feature)
'+ptx88' is not a recognized feature for this target (ignoring feature)
'+ptx88' is not a recognized feature for this target (ignoring feature)
'+ptx88' is not a recognized feature for this target (ignoring feature)
'+ptx88' is not a recognized feature for this target (ignoring feature)
'+ptx88' is not a recognized feature for this target (ignoring feature)
'+ptx88' is not a recognized feature for this target (ignoring feature)
'+ptx88' is not a recognized feature for this target (ignoring feature)
'+ptx88' is not a recognized feature for this target (ignoring feature)
'+ptx88' is not a recognized feature for this target (ignoring feature)
'+ptx88' is not a recognized feature for this target (ignoring feature)
'+ptx88' is not a recognized feature for this target (ignoring feature)
'+ptx88' is not a recognized feature for this target (ignoring feature)
'+ptx88' is not a recognized feature for this target (ignoring feature)
'+ptx88' is not a recognized feature for this target (ignoring feature)
'+ptx88' is not a recognized feature for this target (ignoring feature)
'+ptx88' is not a recognized feature for this target (ignoring feature)
'+ptx88' is not a recognized feature for this target (ignoring feature)
'+ptx88' is not a recognized feature for this target (ignoring feature)
'+ptx88' is not a recognized feature for this target (ignoring feature)
'+ptx88' is not a recognized feature for this target (ignoring feature)
'+ptx88' is not a recognized feature for this target (ignoring feature)
'+ptx88' is not a recognized feature for this target (ignoring feature)
'+ptx88' is not a recognized feature for this target (ignoring feature)
'+ptx88' is not a recognized feature for this target (ignoring feature)
'+ptx88' is not a recognized feature for this target (ignoring feature)
'+ptx88' is not a recognized feature for this target (ignoring feature)
'+ptx88' is not a recognized feature for this target (ignoring feature)
'+ptx88' is not a recognized feature for this target (ignoring feature)
'+ptx88' is not a recognized feature for this target (ignoring feature)
'+ptx88' is not a recognized feature for this target (ignoring feature)
'+ptx88' is not a recognized feature for this target (ignoring feature)
'+ptx88' is not a recognized feature for this target (ignoring feature)
'+ptx88' is not a recognized feature for this target (ignoring feature)
'+ptx88' is not a recognized feature for this target (ignoring feature)
'+ptx88' is not a recognized feature for this target (ignoring feature)
'+ptx88' is not a recognized feature for this target (ignoring feature)
'+ptx88' is not a recognized feature for this target (ignoring feature)
'+ptx88' is not a recognized feature for this target (ignoring feature)
'+ptx88' is not a recognized feature for this target (ignoring feature)
'+ptx88' is not a recognized feature for this target (ignoring feature)
'+ptx88' is not a recognized feature for this target (ignoring feature)
'+ptx88' is not a recognized feature for this target (ignoring feature)
'+ptx88' is not a recognized feature for this target (ignoring feature)
'+ptx88' is not a recognized feature for this target (ignoring feature)
'+ptx88' is not a recognized feature for this target (ignoring feature)
'+ptx88' is not a recognized feature for this target (ignoring feature)
'+ptx88' is not a recognized feature for this target (ignoring feature)
'+ptx88' is not a recognized feature for this target (ignoring feature)
'+ptx88' is not a recognized feature for this target (ignoring feature)
'+ptx88' is not a recognized feature for this target (ignoring feature)
'+ptx88' is not a recognized feature for this target (ignoring feature)
'+ptx88' is not a recognized feature for this target (ignoring feature)
'+ptx88' is not a recognized feature for this target (ignoring feature)
'+ptx88' is not a recognized feature for this target (ignoring feature)
'+ptx88' is not a recognized feature for this target (ignoring feature)
'+ptx88' is not a recognized feature for this target (ignoring feature)
'+ptx88' is not a recognized feature for this target (ignoring feature)
'+ptx88' is not a recognized feature for this target (ignoring feature)
'+ptx88' is not a recognized feature for this target (ignoring feature)
'+ptx88' is not a recognized feature for this target (ignoring feature)
'+ptx88' is not a recognized feature for this target (ignoring feature)
'+ptx88' is not a recognized feature for this target (ignoring feature)
/nethome/tchen667/anaconda3/envs/diffusion_policy/lib/python3.10/site-packages/gymnasium/envs/registration.py:517: DeprecationWarning: [33mWARN: The environment Ant-v4 is out of date. You should consider upgrading to version `v5`.[0m
  logger.deprecation(
'+ptx88' is not a recognized feature for this target (ignoring feature)
'+ptx88' is not a recognized feature for this target (ignoring feature)
'+ptx88' is not a recognized feature for this target (ignoring feature)
'+ptx88' is not a recognized feature for this target (ignoring feature)
'+ptx88' is not a recognized feature for this target (ignoring feature)
'+ptx88' is not a recognized feature for this target (ignoring feature)
2025-04-30 03:14:58.805418: W external/xla/xla/service/gpu/nvptx_compiler.cc:760] The NVIDIA driver's CUDA version is 12.7 which is older than the ptxas CUDA version (12.8.93). Because the driver is older than the ptxas version, XLA is disabling parallel compilation, which may slow down compilation. You should update your NVIDIA driver or use the NVIDIA-provided CUDA forward compatibility packages.
'+ptx88' is not a recognized feature for this target (ignoring feature)
'+ptx88' is not a recognized feature for this target (ignoring feature)
'+ptx88' is not a recognized feature for this target (ignoring feature)
QNet(hidden_sizes=[256, 256, 256], activation=<function mish at 0x7f253b6af640>, output_activation=<function <lambda> at 0x7f25456e5480>, name='q_net')
QNet(hidden_sizes=[256, 256, 256], activation=<function mish at 0x7f253b6af640>, output_activation=<function <lambda> at 0x7f25456e5480>, name='q_net')
DACERPolicyNet(hidden_sizes=[256, 256, 256], activation=<function mish at 0x7f253b6af640>, output_activation=<function <lambda> at 0x7f25456e7c70>, time_dim=16, name='dacer_policy_net')
PolicyNet(act_dim=1, hidden_sizes=[256, 256, 256], activation=<function mish at 0x7f253b6af640>, output_activation=<function <lambda> at 0x7f25456e6200>, min_log_std=-20.0, max_log_std=0.5, log_std_mode='shared', name='policy_net')
Git modification details logged to /localscratch/tchen667/soft_q_sdac/DACER-Diffusion-with-Online-RL/logs/Ant-v4/sdac_soft_v2_2025-04-30_03-13-31_s101_random_seed_100_104_no_alpha_num_particle_2_entropy_lambda_0.5/git.diff.
Traceback (most recent call last):
  File "/localscratch/tchen667/soft_q_sdac/DACER-Diffusion-with-Online-RL/scripts/train_mujoco.py", line 194, in <module>
    trainer.run(train_key)
  File "/localscratch/tchen667/soft_q_sdac/DACER-Diffusion-with-Online-RL/relax/trainer/off_policy.py", line 193, in run
    self.train(key)
  File "/localscratch/tchen667/soft_q_sdac/DACER-Diffusion-with-Online-RL/relax/trainer/off_policy.py", line 184, in train
    self.evaluator.stdin.write(command.encode())
BrokenPipeError: [Errno 32] Broken pipe
