2025-04-28 02:14:22.117114: W external/xla/xla/service/gpu/nvptx_compiler.cc:760] The NVIDIA driver's CUDA version is 12.7 which is older than the ptxas CUDA version (12.8.93). Because the driver is older than the ptxas version, XLA is disabling parallel compilation, which may slow down compilation. You should update your NVIDIA driver or use the NVIDIA-provided CUDA forward compatibility packages.
'+ptx88' is not a recognized feature for this target (ignoring feature)
'+ptx88' is not a recognized feature for this target (ignoring feature)
'+ptx88' is not a recognized feature for this target (ignoring feature)
/nethome/tchen667/anaconda3/envs/diffusion_policy/lib/python3.10/site-packages/gymnasium/envs/registration.py:517: DeprecationWarning: [33mWARN: The environment Reacher-v4 is out of date. You should consider upgrading to version `v5`.[0m
  logger.deprecation(
'+ptx88' is not a recognized feature for this target (ignoring feature)
'+ptx88' is not a recognized feature for this target (ignoring feature)
'+ptx88' is not a recognized feature for this target (ignoring feature)
'+ptx88' is not a recognized feature for this target (ignoring feature)
'+ptx88' is not a recognized feature for this target (ignoring feature)
'+ptx88' is not a recognized feature for this target (ignoring feature)
'+ptx88' is not a recognized feature for this target (ignoring feature)
'+ptx88' is not a recognized feature for this target (ignoring feature)
'+ptx88' is not a recognized feature for this target (ignoring feature)
'+ptx88' is not a recognized feature for this target (ignoring feature)
'+ptx88' is not a recognized feature for this target (ignoring feature)
'+ptx88' is not a recognized feature for this target (ignoring feature)
'+ptx88' is not a recognized feature for this target (ignoring feature)
'+ptx88' is not a recognized feature for this target (ignoring feature)
'+ptx88' is not a recognized feature for this target (ignoring feature)
'+ptx88' is not a recognized feature for this target (ignoring feature)
'+ptx88' is not a recognized feature for this target (ignoring feature)
'+ptx88' is not a recognized feature for this target (ignoring feature)
'+ptx88' is not a recognized feature for this target (ignoring feature)
'+ptx88' is not a recognized feature for this target (ignoring feature)
'+ptx88' is not a recognized feature for this target (ignoring feature)
'+ptx88' is not a recognized feature for this target (ignoring feature)
'+ptx88' is not a recognized feature for this target (ignoring feature)
'+ptx88' is not a recognized feature for this target (ignoring feature)
'+ptx88' is not a recognized feature for this target (ignoring feature)
'+ptx88' is not a recognized feature for this target (ignoring feature)
'+ptx88' is not a recognized feature for this target (ignoring feature)
'+ptx88' is not a recognized feature for this target (ignoring feature)
'+ptx88' is not a recognized feature for this target (ignoring feature)
'+ptx88' is not a recognized feature for this target (ignoring feature)
'+ptx88' is not a recognized feature for this target (ignoring feature)
'+ptx88' is not a recognized feature for this target (ignoring feature)
'+ptx88' is not a recognized feature for this target (ignoring feature)
'+ptx88' is not a recognized feature for this target (ignoring feature)
'+ptx88' is not a recognized feature for this target (ignoring feature)
'+ptx88' is not a recognized feature for this target (ignoring feature)
'+ptx88' is not a recognized feature for this target (ignoring feature)
'+ptx88' is not a recognized feature for this target (ignoring feature)
'+ptx88' is not a recognized feature for this target (ignoring feature)
'+ptx88' is not a recognized feature for this target (ignoring feature)
'+ptx88' is not a recognized feature for this target (ignoring feature)
'+ptx88' is not a recognized feature for this target (ignoring feature)
'+ptx88' is not a recognized feature for this target (ignoring feature)
'+ptx88' is not a recognized feature for this target (ignoring feature)
'+ptx88' is not a recognized feature for this target (ignoring feature)
'+ptx88' is not a recognized feature for this target (ignoring feature)
'+ptx88' is not a recognized feature for this target (ignoring feature)
'+ptx88' is not a recognized feature for this target (ignoring feature)
'+ptx88' is not a recognized feature for this target (ignoring feature)
'+ptx88' is not a recognized feature for this target (ignoring feature)
'+ptx88' is not a recognized feature for this target (ignoring feature)
'+ptx88' is not a recognized feature for this target (ignoring feature)
'+ptx88' is not a recognized feature for this target (ignoring feature)
'+ptx88' is not a recognized feature for this target (ignoring feature)
'+ptx88' is not a recognized feature for this target (ignoring feature)
'+ptx88' is not a recognized feature for this target (ignoring feature)
'+ptx88' is not a recognized feature for this target (ignoring feature)
/nethome/tchen667/anaconda3/envs/diffusion_policy/lib/python3.10/site-packages/gymnasium/envs/registration.py:517: DeprecationWarning: [33mWARN: The environment Reacher-v4 is out of date. You should consider upgrading to version `v5`.[0m
  logger.deprecation(
'+ptx88' is not a recognized feature for this target (ignoring feature)
'+ptx88' is not a recognized feature for this target (ignoring feature)
'+ptx88' is not a recognized feature for this target (ignoring feature)
'+ptx88' is not a recognized feature for this target (ignoring feature)
'+ptx88' is not a recognized feature for this target (ignoring feature)
'+ptx88' is not a recognized feature for this target (ignoring feature)
2025-04-28 02:16:13.584337: W external/xla/xla/service/gpu/nvptx_compiler.cc:760] The NVIDIA driver's CUDA version is 12.7 which is older than the ptxas CUDA version (12.8.93). Because the driver is older than the ptxas version, XLA is disabling parallel compilation, which may slow down compilation. You should update your NVIDIA driver or use the NVIDIA-provided CUDA forward compatibility packages.
'+ptx88' is not a recognized feature for this target (ignoring feature)
'+ptx88' is not a recognized feature for this target (ignoring feature)
'+ptx88' is not a recognized feature for this target (ignoring feature)
QNet(hidden_sizes=[256, 256, 256], activation=<function mish at 0x7f40edf5f010>, output_activation=<function <lambda> at 0x7f40edd95510>, name='q_net')
QNet(hidden_sizes=[256, 256, 256], activation=<function mish at 0x7f40edf5f010>, output_activation=<function <lambda> at 0x7f40edd95510>, name='q_net')
DACERPolicyNet(hidden_sizes=[256, 256, 256], activation=<function mish at 0x7f40edf5f010>, output_activation=<function <lambda> at 0x7f40edd97d00>, time_dim=16, name='dacer_policy_net')
Git modification details logged to /localscratch/tchen667/soft_q_sdac/DACER-Diffusion-with-Online-RL/logs/Reacher-v4/sdac_2025-04-28_02-14-31_s102_sdac_random_seed_101_105/git.diff.
