2025-04-27 21:39:29.096442: W external/xla/xla/service/gpu/nvptx_compiler.cc:760] The NVIDIA driver's CUDA version is 12.7 which is older than the ptxas CUDA version (12.8.93). Because the driver is older than the ptxas version, XLA is disabling parallel compilation, which may slow down compilation. You should update your NVIDIA driver or use the NVIDIA-provided CUDA forward compatibility packages.
'+ptx88' is not a recognized feature for this target (ignoring feature)
'+ptx88' is not a recognized feature for this target (ignoring feature)
'+ptx88' is not a recognized feature for this target (ignoring feature)
/nethome/tchen667/anaconda3/envs/diffusion_policy/lib/python3.10/site-packages/gymnasium/envs/registration.py:517: DeprecationWarning: [33mWARN: The environment Ant-v4 is out of date. You should consider upgrading to version `v5`.[0m
  logger.deprecation(
'+ptx88' is not a recognized feature for this target (ignoring feature)
'+ptx88' is not a recognized feature for this target (ignoring feature)
'+ptx88' is not a recognized feature for this target (ignoring feature)
'+ptx88' is not a recognized feature for this target (ignoring feature)
'+ptx88' is not a recognized feature for this target (ignoring feature)
'+ptx88' is not a recognized feature for this target (ignoring feature)
'+ptx88' is not a recognized feature for this target (ignoring feature)
'+ptx88' is not a recognized feature for this target (ignoring feature)
'+ptx88' is not a recognized feature for this target (ignoring feature)
'+ptx88' is not a recognized feature for this target (ignoring feature)
'+ptx88' is not a recognized feature for this target (ignoring feature)
'+ptx88' is not a recognized feature for this target (ignoring feature)
'+ptx88' is not a recognized feature for this target (ignoring feature)
'+ptx88' is not a recognized feature for this target (ignoring feature)
'+ptx88' is not a recognized feature for this target (ignoring feature)
'+ptx88' is not a recognized feature for this target (ignoring feature)
'+ptx88' is not a recognized feature for this target (ignoring feature)
'+ptx88' is not a recognized feature for this target (ignoring feature)
'+ptx88' is not a recognized feature for this target (ignoring feature)
'+ptx88' is not a recognized feature for this target (ignoring feature)
'+ptx88' is not a recognized feature for this target (ignoring feature)
'+ptx88' is not a recognized feature for this target (ignoring feature)
'+ptx88' is not a recognized feature for this target (ignoring feature)
'+ptx88' is not a recognized feature for this target (ignoring feature)
'+ptx88' is not a recognized feature for this target (ignoring feature)
'+ptx88' is not a recognized feature for this target (ignoring feature)
'+ptx88' is not a recognized feature for this target (ignoring feature)
'+ptx88' is not a recognized feature for this target (ignoring feature)
'+ptx88' is not a recognized feature for this target (ignoring feature)
'+ptx88' is not a recognized feature for this target (ignoring feature)
'+ptx88' is not a recognized feature for this target (ignoring feature)
'+ptx88' is not a recognized feature for this target (ignoring feature)
'+ptx88' is not a recognized feature for this target (ignoring feature)
'+ptx88' is not a recognized feature for this target (ignoring feature)
'+ptx88' is not a recognized feature for this target (ignoring feature)
'+ptx88' is not a recognized feature for this target (ignoring feature)
'+ptx88' is not a recognized feature for this target (ignoring feature)
'+ptx88' is not a recognized feature for this target (ignoring feature)
'+ptx88' is not a recognized feature for this target (ignoring feature)
'+ptx88' is not a recognized feature for this target (ignoring feature)
'+ptx88' is not a recognized feature for this target (ignoring feature)
'+ptx88' is not a recognized feature for this target (ignoring feature)
'+ptx88' is not a recognized feature for this target (ignoring feature)
'+ptx88' is not a recognized feature for this target (ignoring feature)
'+ptx88' is not a recognized feature for this target (ignoring feature)
'+ptx88' is not a recognized feature for this target (ignoring feature)
'+ptx88' is not a recognized feature for this target (ignoring feature)
'+ptx88' is not a recognized feature for this target (ignoring feature)
'+ptx88' is not a recognized feature for this target (ignoring feature)
'+ptx88' is not a recognized feature for this target (ignoring feature)
'+ptx88' is not a recognized feature for this target (ignoring feature)
'+ptx88' is not a recognized feature for this target (ignoring feature)
'+ptx88' is not a recognized feature for this target (ignoring feature)
'+ptx88' is not a recognized feature for this target (ignoring feature)
'+ptx88' is not a recognized feature for this target (ignoring feature)
'+ptx88' is not a recognized feature for this target (ignoring feature)
'+ptx88' is not a recognized feature for this target (ignoring feature)
/nethome/tchen667/anaconda3/envs/diffusion_policy/lib/python3.10/site-packages/gymnasium/envs/registration.py:517: DeprecationWarning: [33mWARN: The environment Ant-v4 is out of date. You should consider upgrading to version `v5`.[0m
  logger.deprecation(
'+ptx88' is not a recognized feature for this target (ignoring feature)
'+ptx88' is not a recognized feature for this target (ignoring feature)
'+ptx88' is not a recognized feature for this target (ignoring feature)
'+ptx88' is not a recognized feature for this target (ignoring feature)
'+ptx88' is not a recognized feature for this target (ignoring feature)
'+ptx88' is not a recognized feature for this target (ignoring feature)
2025-04-27 21:41:16.989956: W external/xla/xla/service/gpu/nvptx_compiler.cc:760] The NVIDIA driver's CUDA version is 12.7 which is older than the ptxas CUDA version (12.8.93). Because the driver is older than the ptxas version, XLA is disabling parallel compilation, which may slow down compilation. You should update your NVIDIA driver or use the NVIDIA-provided CUDA forward compatibility packages.
'+ptx88' is not a recognized feature for this target (ignoring feature)
'+ptx88' is not a recognized feature for this target (ignoring feature)
'+ptx88' is not a recognized feature for this target (ignoring feature)
QNet(hidden_sizes=[256, 256, 256], activation=<function mish at 0x7fee1c01b6d0>, output_activation=<function <lambda> at 0x7fee26055510>, name='q_net')
QNet(hidden_sizes=[256, 256, 256], activation=<function mish at 0x7fee1c01b6d0>, output_activation=<function <lambda> at 0x7fee26055510>, name='q_net')
DACERPolicyNet(hidden_sizes=[256, 256, 256], activation=<function mish at 0x7fee1c01b6d0>, output_activation=<function <lambda> at 0x7fee26057d00>, time_dim=16, name='dacer_policy_net')
Git modification details logged to /localscratch/tchen667/soft_q_sdac/DACER-Diffusion-with-Online-RL/logs/Ant-v4/sdac_2025-04-27_21-39-37_s105_sdac_random_seed_101_105/git.diff.
