2025-04-28 22:54:15.229658: W external/xla/xla/service/gpu/nvptx_compiler.cc:760] The NVIDIA driver's CUDA version is 12.7 which is older than the ptxas CUDA version (12.8.93). Because the driver is older than the ptxas version, XLA is disabling parallel compilation, which may slow down compilation. You should update your NVIDIA driver or use the NVIDIA-provided CUDA forward compatibility packages.
'+ptx88' is not a recognized feature for this target (ignoring feature)
'+ptx88' is not a recognized feature for this target (ignoring feature)
'+ptx88' is not a recognized feature for this target (ignoring feature)
/nethome/tchen667/anaconda3/envs/diffusion_policy/lib/python3.10/site-packages/gymnasium/envs/registration.py:517: DeprecationWarning: [33mWARN: The environment Walker2d-v4 is out of date. You should consider upgrading to version `v5`.[0m
  logger.deprecation(
'+ptx88' is not a recognized feature for this target (ignoring feature)
'+ptx88' is not a recognized feature for this target (ignoring feature)
'+ptx88' is not a recognized feature for this target (ignoring feature)
'+ptx88' is not a recognized feature for this target (ignoring feature)
'+ptx88' is not a recognized feature for this target (ignoring feature)
'+ptx88' is not a recognized feature for this target (ignoring feature)
'+ptx88' is not a recognized feature for this target (ignoring feature)
'+ptx88' is not a recognized feature for this target (ignoring feature)
'+ptx88' is not a recognized feature for this target (ignoring feature)
'+ptx88' is not a recognized feature for this target (ignoring feature)
'+ptx88' is not a recognized feature for this target (ignoring feature)
'+ptx88' is not a recognized feature for this target (ignoring feature)
'+ptx88' is not a recognized feature for this target (ignoring feature)
'+ptx88' is not a recognized feature for this target (ignoring feature)
'+ptx88' is not a recognized feature for this target (ignoring feature)
'+ptx88' is not a recognized feature for this target (ignoring feature)
'+ptx88' is not a recognized feature for this target (ignoring feature)
'+ptx88' is not a recognized feature for this target (ignoring feature)
'+ptx88' is not a recognized feature for this target (ignoring feature)
'+ptx88' is not a recognized feature for this target (ignoring feature)
'+ptx88' is not a recognized feature for this target (ignoring feature)
'+ptx88' is not a recognized feature for this target (ignoring feature)
'+ptx88' is not a recognized feature for this target (ignoring feature)
'+ptx88' is not a recognized feature for this target (ignoring feature)
'+ptx88' is not a recognized feature for this target (ignoring feature)
'+ptx88' is not a recognized feature for this target (ignoring feature)
'+ptx88' is not a recognized feature for this target (ignoring feature)
'+ptx88' is not a recognized feature for this target (ignoring feature)
'+ptx88' is not a recognized feature for this target (ignoring feature)
'+ptx88' is not a recognized feature for this target (ignoring feature)
'+ptx88' is not a recognized feature for this target (ignoring feature)
'+ptx88' is not a recognized feature for this target (ignoring feature)
'+ptx88' is not a recognized feature for this target (ignoring feature)
'+ptx88' is not a recognized feature for this target (ignoring feature)
'+ptx88' is not a recognized feature for this target (ignoring feature)
'+ptx88' is not a recognized feature for this target (ignoring feature)
'+ptx88' is not a recognized feature for this target (ignoring feature)
'+ptx88' is not a recognized feature for this target (ignoring feature)
'+ptx88' is not a recognized feature for this target (ignoring feature)
'+ptx88' is not a recognized feature for this target (ignoring feature)
'+ptx88' is not a recognized feature for this target (ignoring feature)
'+ptx88' is not a recognized feature for this target (ignoring feature)
'+ptx88' is not a recognized feature for this target (ignoring feature)
'+ptx88' is not a recognized feature for this target (ignoring feature)
'+ptx88' is not a recognized feature for this target (ignoring feature)
'+ptx88' is not a recognized feature for this target (ignoring feature)
'+ptx88' is not a recognized feature for this target (ignoring feature)
'+ptx88' is not a recognized feature for this target (ignoring feature)
'+ptx88' is not a recognized feature for this target (ignoring feature)
'+ptx88' is not a recognized feature for this target (ignoring feature)
'+ptx88' is not a recognized feature for this target (ignoring feature)
'+ptx88' is not a recognized feature for this target (ignoring feature)
'+ptx88' is not a recognized feature for this target (ignoring feature)
'+ptx88' is not a recognized feature for this target (ignoring feature)
'+ptx88' is not a recognized feature for this target (ignoring feature)
'+ptx88' is not a recognized feature for this target (ignoring feature)
'+ptx88' is not a recognized feature for this target (ignoring feature)
/nethome/tchen667/anaconda3/envs/diffusion_policy/lib/python3.10/site-packages/gymnasium/envs/registration.py:517: DeprecationWarning: [33mWARN: The environment Walker2d-v4 is out of date. You should consider upgrading to version `v5`.[0m
  logger.deprecation(
'+ptx88' is not a recognized feature for this target (ignoring feature)
'+ptx88' is not a recognized feature for this target (ignoring feature)
'+ptx88' is not a recognized feature for this target (ignoring feature)
'+ptx88' is not a recognized feature for this target (ignoring feature)
'+ptx88' is not a recognized feature for this target (ignoring feature)
'+ptx88' is not a recognized feature for this target (ignoring feature)
2025-04-28 22:56:02.727628: W external/xla/xla/service/gpu/nvptx_compiler.cc:760] The NVIDIA driver's CUDA version is 12.7 which is older than the ptxas CUDA version (12.8.93). Because the driver is older than the ptxas version, XLA is disabling parallel compilation, which may slow down compilation. You should update your NVIDIA driver or use the NVIDIA-provided CUDA forward compatibility packages.
'+ptx88' is not a recognized feature for this target (ignoring feature)
'+ptx88' is not a recognized feature for this target (ignoring feature)
'+ptx88' is not a recognized feature for this target (ignoring feature)
/nethome/tchen667/anaconda3/envs/diffusion_policy/lib/python3.10/multiprocessing/resource_tracker.py:224: UserWarning: resource_tracker: There appear to be 7 leaked shared_memory objects to clean up at shutdown
  warnings.warn('resource_tracker: There appear to be %d '
