2025-05-05 23:38:59.498093: W external/xla/xla/service/gpu/nvptx_compiler.cc:760] The NVIDIA driver's CUDA version is 12.7 which is older than the ptxas CUDA version (12.8.93). Because the driver is older than the ptxas version, XLA is disabling parallel compilation, which may slow down compilation. You should update your NVIDIA driver or use the NVIDIA-provided CUDA forward compatibility packages.
'+ptx88' is not a recognized feature for this target (ignoring feature)
'+ptx88' is not a recognized feature for this target (ignoring feature)
'+ptx88' is not a recognized feature for this target (ignoring feature)
/nethome/tchen667/anaconda3/envs/diffusion_policy/lib/python3.10/site-packages/gymnasium/envs/registration.py:517: DeprecationWarning: [33mWARN: The environment Hopper-v4 is out of date. You should consider upgrading to version `v5`.[0m
  logger.deprecation(
'+ptx88' is not a recognized feature for this target (ignoring feature)
'+ptx88' is not a recognized feature for this target (ignoring feature)
'+ptx88' is not a recognized feature for this target (ignoring feature)
'+ptx88' is not a recognized feature for this target (ignoring feature)
'+ptx88' is not a recognized feature for this target (ignoring feature)
'+ptx88' is not a recognized feature for this target (ignoring feature)
'+ptx88' is not a recognized feature for this target (ignoring feature)
'+ptx88' is not a recognized feature for this target (ignoring feature)
'+ptx88' is not a recognized feature for this target (ignoring feature)
'+ptx88' is not a recognized feature for this target (ignoring feature)
'+ptx88' is not a recognized feature for this target (ignoring feature)
'+ptx88' is not a recognized feature for this target (ignoring feature)
'+ptx88' is not a recognized feature for this target (ignoring feature)
'+ptx88' is not a recognized feature for this target (ignoring feature)
'+ptx88' is not a recognized feature for this target (ignoring feature)
'+ptx88' is not a recognized feature for this target (ignoring feature)
'+ptx88' is not a recognized feature for this target (ignoring feature)
'+ptx88' is not a recognized feature for this target (ignoring feature)
'+ptx88' is not a recognized feature for this target (ignoring feature)
'+ptx88' is not a recognized feature for this target (ignoring feature)
'+ptx88' is not a recognized feature for this target (ignoring feature)
'+ptx88' is not a recognized feature for this target (ignoring feature)
'+ptx88' is not a recognized feature for this target (ignoring feature)
'+ptx88' is not a recognized feature for this target (ignoring feature)
'+ptx88' is not a recognized feature for this target (ignoring feature)
'+ptx88' is not a recognized feature for this target (ignoring feature)
'+ptx88' is not a recognized feature for this target (ignoring feature)
'+ptx88' is not a recognized feature for this target (ignoring feature)
'+ptx88' is not a recognized feature for this target (ignoring feature)
'+ptx88' is not a recognized feature for this target (ignoring feature)
'+ptx88' is not a recognized feature for this target (ignoring feature)
'+ptx88' is not a recognized feature for this target (ignoring feature)
'+ptx88' is not a recognized feature for this target (ignoring feature)
'+ptx88' is not a recognized feature for this target (ignoring feature)
'+ptx88' is not a recognized feature for this target (ignoring feature)
'+ptx88' is not a recognized feature for this target (ignoring feature)
'+ptx88' is not a recognized feature for this target (ignoring feature)
'+ptx88' is not a recognized feature for this target (ignoring feature)
'+ptx88' is not a recognized feature for this target (ignoring feature)
'+ptx88' is not a recognized feature for this target (ignoring feature)
'+ptx88' is not a recognized feature for this target (ignoring feature)
'+ptx88' is not a recognized feature for this target (ignoring feature)
'+ptx88' is not a recognized feature for this target (ignoring feature)
'+ptx88' is not a recognized feature for this target (ignoring feature)
'+ptx88' is not a recognized feature for this target (ignoring feature)
'+ptx88' is not a recognized feature for this target (ignoring feature)
'+ptx88' is not a recognized feature for this target (ignoring feature)
'+ptx88' is not a recognized feature for this target (ignoring feature)
'+ptx88' is not a recognized feature for this target (ignoring feature)
'+ptx88' is not a recognized feature for this target (ignoring feature)
'+ptx88' is not a recognized feature for this target (ignoring feature)
'+ptx88' is not a recognized feature for this target (ignoring feature)
'+ptx88' is not a recognized feature for this target (ignoring feature)
'+ptx88' is not a recognized feature for this target (ignoring feature)
'+ptx88' is not a recognized feature for this target (ignoring feature)
'+ptx88' is not a recognized feature for this target (ignoring feature)
'+ptx88' is not a recognized feature for this target (ignoring feature)
'+ptx88' is not a recognized feature for this target (ignoring feature)
'+ptx88' is not a recognized feature for this target (ignoring feature)
'+ptx88' is not a recognized feature for this target (ignoring feature)
'+ptx88' is not a recognized feature for this target (ignoring feature)
'+ptx88' is not a recognized feature for this target (ignoring feature)
'+ptx88' is not a recognized feature for this target (ignoring feature)
'+ptx88' is not a recognized feature for this target (ignoring feature)
'+ptx88' is not a recognized feature for this target (ignoring feature)
'+ptx88' is not a recognized feature for this target (ignoring feature)
/nethome/tchen667/anaconda3/envs/diffusion_policy/lib/python3.10/site-packages/gymnasium/envs/registration.py:517: DeprecationWarning: [33mWARN: The environment Hopper-v4 is out of date. You should consider upgrading to version `v5`.[0m
  logger.deprecation(
'+ptx88' is not a recognized feature for this target (ignoring feature)
'+ptx88' is not a recognized feature for this target (ignoring feature)
'+ptx88' is not a recognized feature for this target (ignoring feature)
'+ptx88' is not a recognized feature for this target (ignoring feature)
'+ptx88' is not a recognized feature for this target (ignoring feature)
'+ptx88' is not a recognized feature for this target (ignoring feature)
2025-05-05 23:41:10.222271: W external/xla/xla/service/gpu/nvptx_compiler.cc:760] The NVIDIA driver's CUDA version is 12.7 which is older than the ptxas CUDA version (12.8.93). Because the driver is older than the ptxas version, XLA is disabling parallel compilation, which may slow down compilation. You should update your NVIDIA driver or use the NVIDIA-provided CUDA forward compatibility packages.
'+ptx88' is not a recognized feature for this target (ignoring feature)
'+ptx88' is not a recognized feature for this target (ignoring feature)
'+ptx88' is not a recognized feature for this target (ignoring feature)
QNet(hidden_sizes=[256, 256, 256], activation=<function mish at 0x7fa91c4ecdc0>, output_activation=<function <lambda> at 0x7fa926541510>, name='q_net')
QNet(hidden_sizes=[256, 256, 256], activation=<function mish at 0x7fa91c4ecdc0>, output_activation=<function <lambda> at 0x7fa926541510>, name='q_net')
DACERPolicyNet(hidden_sizes=[256, 256, 256], activation=<function mish at 0x7fa91c4ecdc0>, output_activation=<function <lambda> at 0x7fa926543d00>, time_dim=16, name='dacer_policy_net')
PolicyNet(act_dim=1, hidden_sizes=[256, 256, 256], activation=<function mish at 0x7fa91c4ecdc0>, output_activation=<function <lambda> at 0x7fa926542290>, min_log_std=-20.0, max_log_std=0.5, log_std_mode='shared', name='policy_net')
Git modification details logged to /localscratch/tchen667/soft_q_sdac/DACER-Diffusion-with-Online-RL/logs/Hopper-v4/sdac_soft_v2_2025-05-05_23-39-13_s102_random_seed_100_104_new_version1_entropy_lambda_0.01/git.diff.
